components/ui/chart.tsx(109,3): error TS2339: Property 'payload' does not exist on type 'Omit<Props<ValueType, NameType>, PropertiesReadFromContext> & { active?: boolean | undefined; allowEscapeViewBox?: AllowInDimension | undefined; ... 24 more ...; wrapperStyle?: CSSProperties | undefined; } & ClassAttributes<...> & HTMLAttributes<...> & { ...; }'.
components/ui/chart.tsx(114,3): error TS2339: Property 'label' does not exist on type 'Omit<Props<ValueType, NameType>, PropertiesReadFromContext> & { active?: boolean | undefined; allowEscapeViewBox?: AllowInDimension | undefined; ... 24 more ...; wrapperStyle?: CSSProperties | undefined; } & ClassAttributes<...> & HTMLAttributes<...> & { ...; }'.
components/ui/chart.tsx(182,23): error TS7006: Parameter 'item' implicitly has an 'any' type.
components/ui/chart.tsx(182,29): error TS7006: Parameter 'index' implicitly has an 'any' type.
components/ui/chart.tsx(260,39): error TS2344: Type '"payload" | "verticalAlign"' does not satisfy the constraint '"string" | "display" | "children" | "filter" | "fill" | "values" | "lang" | "suppressHydrationWarning" | "className" | "dangerouslySetInnerHTML" | "mode" | "nonce" | "align" | ... 436 more ... | "portal"'.
  Type '"payload"' is not assignable to type '"string" | "display" | "children" | "filter" | "fill" | "values" | "lang" | "suppressHydrationWarning" | "className" | "dangerouslySetInnerHTML" | "mode" | "nonce" | "align" | ... 436 more ... | "portal"'.
components/ui/chart.tsx(266,17): error TS2339: Property 'length' does not exist on type '{}'.
components/ui/chart.tsx(278,16): error TS2339: Property 'map' does not exist on type '{}'.
components/ui/chart.tsx(278,21): error TS7006: Parameter 'item' implicitly has an 'any' type.
components/ui/resizable.tsx(12,51): error TS2339: Property 'PanelGroup' does not exist on type 'typeof import("C:/Users/elias/Downloads/TRHWH/node_modules/.pnpm/react-resizable-panels@4.6._632a5d76363d381d7c50e551779c042c/node_modules/react-resizable-panels/dist/react-resizable-panels")'.
components/ui/resizable.tsx(14,25): error TS2339: Property 'PanelGroup' does not exist on type 'typeof import("C:/Users/elias/Downloads/TRHWH/node_modules/.pnpm/react-resizable-panels@4.6._632a5d76363d381d7c50e551779c042c/node_modules/react-resizable-panels/dist/react-resizable-panels")'.
components/ui/resizable.tsx(35,51): error TS2339: Property 'PanelResizeHandle' does not exist on type 'typeof import("C:/Users/elias/Downloads/TRHWH/node_modules/.pnpm/react-resizable-panels@4.6._632a5d76363d381d7c50e551779c042c/node_modules/react-resizable-panels/dist/react-resizable-panels")'.
components/ui/resizable.tsx(39,25): error TS2339: Property 'PanelResizeHandle' does not exist on type 'typeof import("C:/Users/elias/Downloads/TRHWH/node_modules/.pnpm/react-resizable-panels@4.6._632a5d76363d381d7c50e551779c042c/node_modules/react-resizable-panels/dist/react-resizable-panels")'.
components/ui/resizable.tsx(52,26): error TS2339: Property 'PanelResizeHandle' does not exist on type 'typeof import("C:/Users/elias/Downloads/TRHWH/node_modules/.pnpm/react-resizable-panels@4.6._632a5d76363d381d7c50e551779c042c/node_modules/react-resizable-panels/dist/react-resizable-panels")'.
